
> video-creator@0.1.0 build
> next build

▲ Next.js 16.1.1 (Turbopack)

  Creating an optimized production build ...

> Build error occurred
Error: Turbopack build failed with 1 errors:
./src/components
Invalid import
'client-only' cannot be imported from a Server Component module. It should only be used from a Client Component.
The error was caused by using 'styled-jsx'. It only works in a Client Component but none of its parents are marked with "use client", so they're Server Components by default.



    at ignore-listed frames
